// Jest Snapshot v1, https://goo.gl/fbAQLP

exports[`renders correctly 1`] = `
<View
  style={
    Object {
      "alignItems": "center",
      "backgroundColor": "#fff",
      "flex": 1,
      "justifyContent": "center",
      "paddingTop": 23,
    }
  }
>
  <View
    accessibilityComponentType={undefined}
    accessibilityLabel={undefined}
    accessibilityTraits={undefined}
    accessible={true}
    hasTVPreferredFocus={undefined}
    hitSlop={undefined}
    isTVSelectable={true}
    nativeID={undefined}
    onLayout={undefined}
    onResponderGrant={[Function]}
    onResponderMove={[Function]}
    onResponderRelease={[Function]}
    onResponderTerminate={[Function]}
    onResponderTerminationRequest={[Function]}
    onStartShouldSetResponder={[Function]}
    style={
      Array [
        Object {
          "backgroundColor": "transparent",
        },
        Array [
          Object {
            "margin": 7,
          },
          Object {
            "borderRadius": 19,
            "height": 34,
            "width": 34,
          },
          Object {
            "shadowColor": "rgba(0,0,0, .4)",
            "shadowOffset": Object {
              "height": 1,
              "width": 1,
            },
            "shadowOpacity": 1,
            "shadowRadius": 1,
          },
          Object {
            "alignItems": "center",
            "backgroundColor": "black",
            "justifyContent": "center",
          },
          Object {
            "position": "absolute",
            "right": 0,
            "top": 23,
          },
        ],
      ]
    }
    testID={undefined}
    tvParallaxProperties={undefined}
  >
    <Text
      accessible={true}
      allowFontScaling={false}
      disabled={false}
      ellipsizeMode="tail"
      style={
        Array [
          Object {
            "color": "white",
            "fontSize": 15,
          },
          Array [
            Object {
              "backgroundColor": "transparent",
            },
            undefined,
          ],
          Object {
            "fontFamily": "Material Icons",
            "fontStyle": "normal",
            "fontWeight": "normal",
          },
        ]
      }
    >
      
    </Text>
  </View>
  <View
    style={
      Object {
        "alignSelf": "stretch",
        "flex": 1,
        "flexDirection": "row",
      }
    }
  >
    <View
      style={
        Object {
          "alignItems": "center",
          "alignSelf": "stretch",
          "backgroundColor": "lightblue",
          "flex": 1,
          "justifyContent": "center",
        }
      }
    >
      <View
        accessibilityComponentType={undefined}
        accessibilityLabel={undefined}
        accessibilityTraits={undefined}
        accessible={true}
        hasTVPreferredFocus={undefined}
        hitSlop={undefined}
        isTVSelectable={true}
        nativeID={undefined}
        onLayout={undefined}
        onResponderGrant={[Function]}
        onResponderMove={[Function]}
        onResponderRelease={[Function]}
        onResponderTerminate={[Function]}
        onResponderTerminationRequest={[Function]}
        onStartShouldSetResponder={[Function]}
        style={
          Array [
            Object {
              "backgroundColor": "transparent",
            },
            Array [
              Object {
                "margin": 7,
              },
              Object {
                "borderRadius": 40,
                "height": 76,
                "width": 76,
              },
              Object {
                "shadowColor": "rgba(0,0,0, .4)",
                "shadowOffset": Object {
                  "height": 1,
                  "width": 1,
                },
                "shadowOpacity": 1,
                "shadowRadius": 1,
              },
              Object {
                "alignItems": "center",
                "backgroundColor": "black",
                "justifyContent": "center",
              },
              Object {},
            ],
          ]
        }
        testID={undefined}
        tvParallaxProperties={undefined}
      >
        <Text
          accessible={true}
          allowFontScaling={false}
          disabled={false}
          ellipsizeMode="tail"
          style={
            Array [
              Object {
                "color": "white",
                "fontSize": 36,
              },
              Array [
                Object {
                  "backgroundColor": "transparent",
                },
                undefined,
              ],
              Object {
                "fontFamily": "Material Design Icons",
                "fontStyle": "normal",
                "fontWeight": "normal",
              },
            ]
          }
        >
          
        </Text>
      </View>
    </View>
    <View
      style={
        Object {
          "alignSelf": "stretch",
          "backgroundColor": "red",
          "flex": 1,
        }
      }
    />
  </View>
  <View
    style={
      Object {
        "alignSelf": "stretch",
        "flex": 1,
        "flexDirection": "row",
      }
    }
  >
    <View
      style={
        Object {
          "alignSelf": "stretch",
          "backgroundColor": "green",
          "flex": 1,
        }
      }
    />
    <View
      style={
        Object {
          "alignSelf": "stretch",
          "backgroundColor": "yellow",
          "flex": 1,
        }
      }
    />
  </View>
</View>
`;
